
8. Printing statistics.

=== compute_core ===

        +----------Local Count, excluding submodules.
        |        +-Local Area, excluding submodules.
        |        | 
     1415        - wires
     2250        - wire bits
       13        - public wires
      848        - public wire bits
        8        - ports
      549        - port bits
     1691  1.9E+04 cells
        1    8.758   sky130_fd_sc_hd__a211o_1
        2   15.014   sky130_fd_sc_hd__a21o_1
       42  210.202   sky130_fd_sc_hd__a21oi_1
        3   22.522   sky130_fd_sc_hd__a22oi_1
        1    8.758   sky130_fd_sc_hd__a31o_1
        5    31.28   sky130_fd_sc_hd__a31oi_1
        1    10.01   sky130_fd_sc_hd__a41o_1
        5    31.28   sky130_fd_sc_hd__and2_0
        2   12.512   sky130_fd_sc_hd__and3_1
        1    8.758   sky130_fd_sc_hd__and4_1
       64   240.23   sky130_fd_sc_hd__clkinv_1
      289 5.79E+03   sky130_fd_sc_hd__dfxtp_1
        7   43.792   sky130_fd_sc_hd__lpflow_inputiso1p_1
       14   87.584   sky130_fd_sc_hd__lpflow_isobufsrc_1
      221 2.21E+03   sky130_fd_sc_hd__maj3_1
       40  150.144   sky130_fd_sc_hd__nand2_1
       15    93.84   sky130_fd_sc_hd__nand2b_1
        5   25.024   sky130_fd_sc_hd__nand3_1
      279 1.05E+03   sky130_fd_sc_hd__nor2_1
        6   30.029   sky130_fd_sc_hd__nor3_1
        1    7.507   sky130_fd_sc_hd__nor3b_1
        1    10.01   sky130_fd_sc_hd__o211a_1
        1    7.507   sky130_fd_sc_hd__o211ai_1
        6   45.043   sky130_fd_sc_hd__o21a_1
       52   260.25   sky130_fd_sc_hd__o21ai_0
        1    7.507   sky130_fd_sc_hd__o21bai_1
        1   11.261   sky130_fd_sc_hd__o221a_1
        1    6.256   sky130_fd_sc_hd__o22ai_1
        2   17.517   sky130_fd_sc_hd__o2bb2ai_1
        2   20.019   sky130_fd_sc_hd__o311a_1
        1    8.758   sky130_fd_sc_hd__o311ai_0
        2   15.014   sky130_fd_sc_hd__o31ai_1
        1   11.261   sky130_fd_sc_hd__o41a_1
        2   17.517   sky130_fd_sc_hd__o41ai_1
        6   37.536   sky130_fd_sc_hd__or3_1
        1    10.01   sky130_fd_sc_hd__or4b_1
       67  586.813   sky130_fd_sc_hd__xnor2_1
      110 2.48E+03   sky130_fd_sc_hd__xnor3_1
      323 2.83E+03   sky130_fd_sc_hd__xor2_1
      107  2543.69   sky130_fd_sc_hd__xor3_1

   Chip area for module '\compute_core': 19004.476800
     of which used for sequential elements: 5785.548800 (30.44%)

