VCD info: dumpfile project/m4/sram_4macro_experiment/sim/cosim_run.vcd opened for output.
── Loading 128 weight words via sideband (8 cycles/word) ──
   Weight load complete.
── Phase 1: conv4 (5 beats/tile), 3 tiles ──
  OK  [conv4] w_base=0 | result=-92
  OK  [conv4] w_base=5 | result=-68
  OK  [conv4] w_base=10 | result=-30
── Phase 2: conv2 (2 beats/tile), 4 tiles ──
  OK  [conv2] w_base=15 | result=28
  OK  [conv2] w_base=17 | result=8
  OK  [conv2] w_base=19 | result=16
  OK  [conv2] w_base=21 | result=-22
── Phase 3: conv3 (3 beats/tile), 4 tiles ──
  OK  [conv3] w_base=23 | result=-14
  OK  [conv3] w_base=26 | result=30
  OK  [conv3] w_base=29 | result=50
  OK  [conv3] w_base=32 | result=-32
── Phase 4: conv4 backpressure, 3 tiles ──
  OK  [conv4 bp] w_base=35 | result=80
  OK  [conv4 bp] w_base=40 | result=-56
  OK  [conv4 bp] w_base=45 | result=-98
── Phase 5: weight reload (all-ones pattern) ──
  OK  [weight reload] result=1280 (expected 1280)
─────────────────────────────────────────────────
VERIFIABLE PASS — all tile checks matched sv_dot reference
─────────────────────────────────────────────────
project/m4/sram_4macro_experiment/sim/tb_top_4sram.sv:349: $finish called at 35637500 (1ps)
